2026-05-23 15:26:34,971  INFO      =======================================================
2026-05-23 15:26:34,972  INFO      FLIGHT BOOKING — PostgreSQL → MongoDB Migration
2026-05-23 15:26:34,972  INFO      =======================================================
2026-05-23 15:26:34,972  INFO      Connecting to PostgreSQL …
2026-05-23 15:26:34,984  INFO      Connecting to MongoDB …
2026-05-23 15:35:00,201  INFO      =======================================================
2026-05-23 15:35:00,202  INFO      FLIGHT BOOKING — PostgreSQL → MongoDB Migration
2026-05-23 15:35:00,202  INFO      =======================================================
2026-05-23 15:35:00,202  INFO      Connecting to PostgreSQL …
2026-05-23 15:35:00,235  INFO      Connecting to MongoDB …
2026-05-23 15:35:00,285  INFO      Loading airports from PostgreSQL …
2026-05-23 15:35:00,323  INFO      Loading airlines from PostgreSQL …
2026-05-23 15:35:00,335  INFO      Loading aircraft from PostgreSQL …
2026-05-23 15:35:00,339  INFO      Loading flights from PostgreSQL …
2026-05-23 15:35:00,383  INFO      Loading passengers from PostgreSQL …
2026-05-23 15:35:00,435  INFO      Loading bookings from PostgreSQL …
2026-05-23 15:35:00,612  INFO      Loading reviews from PostgreSQL …
2026-05-23 15:35:00,669  INFO      Loading loyalty accounts from PostgreSQL …
2026-05-23 15:35:00,720  INFO      Loading flight delays from PostgreSQL …
2026-05-23 15:35:00,728  INFO      PostgreSQL data loaded — starting migration …
2026-05-23 15:35:00,728  INFO      Migrating airports …
2026-05-23 15:35:01,827  INFO        airports → inserted=1800  updated=0  errors=0
2026-05-23 15:35:01,828  INFO      Migrating airlines …
2026-05-23 15:35:02,208  INFO        airlines → inserted=990  updated=0  errors=0
2026-05-23 15:35:02,209  INFO      Migrating flights …
2026-05-23 15:35:04,240  INFO        flights → inserted=2500  updated=0  errors=0
2026-05-23 15:35:04,241  INFO      Migrating passengers …
2026-05-23 15:35:07,589  INFO        passengers → inserted=3500  updated=0  errors=0
2026-05-23 15:35:07,590  INFO      Migrating bookings …
2026-05-23 15:35:49,162  INFO        bookings → inserted=12000  updated=0  errors=0
2026-05-23 15:35:49,162  INFO      =======================================================
2026-05-23 15:35:49,162  INFO      MIGRATION SUMMARY
2026-05-23 15:35:49,162  INFO      =======================================================
2026-05-23 15:35:49,165  INFO        airports                1,800 documents
2026-05-23 15:35:49,170  INFO        airlines                  990 documents
2026-05-23 15:35:49,174  INFO        flights                 2,500 documents
2026-05-23 15:35:49,178  INFO        passengers              3,500 documents
2026-05-23 15:35:49,187  INFO        bookings               12,000 documents
2026-05-23 15:35:49,188  INFO        Elapsed                  49.0 seconds
2026-05-23 15:35:49,188  INFO      =======================================================
2026-05-23 15:35:49,188  INFO      Derived fields computed:
2026-05-23 15:35:49,189  INFO        1. loyalty_tier        (bronze/silver/gold/platinum)
2026-05-23 15:35:49,189  INFO        2. total_spent         (sum of price_paid per passenger)
2026-05-23 15:35:49,189  INFO        3. occupancy_rate      (active bookings / total seats)
2026-05-23 15:35:49,189  INFO        4. revenue_per_km      (revenue / route distance)
2026-05-23 15:35:49,189  INFO        5. avg_review_score    (mean rating per flight)
2026-05-23 15:35:49,190  INFO        6. on_time_rate        (% flights with no delay)
2026-05-23 15:35:49,190  INFO        7. price_category      (budget / standard / premium)
2026-05-23 15:35:49,190  INFO      =======================================================
2026-05-23 15:35:49,192  INFO      Migration complete. Log saved to logs/migration.log
2026-05-23 15:35:59,301  INFO      =======================================================
2026-05-23 15:35:59,303  INFO      FLIGHT BOOKING — PostgreSQL → MongoDB Migration
2026-05-23 15:35:59,303  INFO      =======================================================
2026-05-23 15:35:59,304  INFO      Connecting to PostgreSQL …
2026-05-23 15:35:59,348  INFO      Connecting to MongoDB …
2026-05-23 15:35:59,395  INFO      Loading airports from PostgreSQL …
2026-05-23 15:35:59,417  INFO      Loading airlines from PostgreSQL …
2026-05-23 15:35:59,427  INFO      Loading aircraft from PostgreSQL …
2026-05-23 15:35:59,430  INFO      Loading flights from PostgreSQL …
2026-05-23 15:35:59,471  INFO      Loading passengers from PostgreSQL …
2026-05-23 15:35:59,509  INFO      Loading bookings from PostgreSQL …
2026-05-23 15:35:59,627  INFO      Loading reviews from PostgreSQL …
2026-05-23 15:35:59,673  INFO      Loading loyalty accounts from PostgreSQL …
2026-05-23 15:35:59,713  INFO      Loading flight delays from PostgreSQL …
2026-05-23 15:35:59,722  INFO      PostgreSQL data loaded — starting migration …
2026-05-23 15:35:59,722  INFO      Migrating airports …
2026-05-23 15:35:59,901  INFO        airports → inserted=0  updated=1800  errors=0
2026-05-23 15:35:59,901  INFO      Migrating airlines …
2026-05-23 15:36:00,004  INFO        airlines → inserted=0  updated=990  errors=0
2026-05-23 15:36:00,005  INFO      Migrating flights …
2026-05-23 15:36:00,372  INFO        flights → inserted=0  updated=2500  errors=0
2026-05-23 15:36:00,373  INFO      Migrating passengers …
2026-05-23 15:36:00,710  INFO        passengers → inserted=0  updated=3500  errors=0
2026-05-23 15:36:00,711  INFO      Migrating bookings …
2026-05-23 15:36:02,074  INFO        bookings → inserted=0  updated=12000  errors=0
2026-05-23 15:36:02,074  INFO      =======================================================
2026-05-23 15:36:02,074  INFO      MIGRATION SUMMARY
2026-05-23 15:36:02,075  INFO      =======================================================
2026-05-23 15:36:02,078  INFO        airports                1,800 documents
2026-05-23 15:36:02,082  INFO        airlines                  990 documents
2026-05-23 15:36:02,086  INFO        flights                 2,500 documents
2026-05-23 15:36:02,091  INFO        passengers              3,500 documents
2026-05-23 15:36:02,101  INFO        bookings               12,000 documents
2026-05-23 15:36:02,102  INFO        Elapsed                   2.8 seconds
2026-05-23 15:36:02,102  INFO      =======================================================
2026-05-23 15:36:02,102  INFO      Derived fields computed:
2026-05-23 15:36:02,102  INFO        1. loyalty_tier        (bronze/silver/gold/platinum)
2026-05-23 15:36:02,102  INFO        2. total_spent         (sum of price_paid per passenger)
2026-05-23 15:36:02,103  INFO        3. occupancy_rate      (active bookings / total seats)
2026-05-23 15:36:02,103  INFO        4. revenue_per_km      (revenue / route distance)
2026-05-23 15:36:02,103  INFO        5. avg_review_score    (mean rating per flight)
2026-05-23 15:36:02,103  INFO        6. on_time_rate        (% flights with no delay)
2026-05-23 15:36:02,103  INFO        7. price_category      (budget / standard / premium)
2026-05-23 15:36:02,103  INFO      =======================================================
2026-05-23 15:36:02,105  INFO      Migration complete. Log saved to logs/migration.log
2026-05-24 14:44:39,527  INFO      =======================================================
2026-05-24 14:44:39,528  INFO      FLIGHT BOOKING — PostgreSQL → MongoDB Migration
2026-05-24 14:44:39,528  INFO      =======================================================
2026-05-24 14:44:39,529  INFO      Connecting to PostgreSQL …
2026-05-24 14:44:39,580  INFO      Connecting to MongoDB …
2026-05-24 14:44:39,639  INFO      Loading airports from PostgreSQL …
2026-05-24 14:44:39,666  INFO      Loading airlines from PostgreSQL …
2026-05-24 14:44:39,681  INFO      Loading aircraft from PostgreSQL …
2026-05-24 14:44:39,686  INFO      Loading flights from PostgreSQL …
2026-05-24 14:44:39,756  INFO      Loading passengers from PostgreSQL …
2026-05-24 14:44:39,807  INFO      Loading bookings from PostgreSQL …
2026-05-24 14:44:39,959  INFO      Loading reviews from PostgreSQL …
2026-05-24 14:44:40,016  INFO      Loading loyalty accounts from PostgreSQL …
2026-05-24 14:44:40,065  INFO      Loading flight delays from PostgreSQL …
2026-05-24 14:44:40,076  INFO      PostgreSQL data loaded — starting migration …
2026-05-24 14:44:40,077  INFO      Migrating airports …
2026-05-24 14:44:40,310  INFO        airports → inserted=0  updated=1800  errors=0
2026-05-24 14:44:40,311  INFO      Migrating airlines …
2026-05-24 14:44:40,430  INFO        airlines → inserted=0  updated=990  errors=0
2026-05-24 14:44:40,431  INFO      Migrating flights …
2026-05-24 14:44:40,947  INFO        flights → inserted=2500  updated=0  errors=0
2026-05-24 14:44:40,948  INFO      Migrating passengers …
2026-05-24 14:44:41,383  INFO        passengers → inserted=0  updated=3500  errors=0
2026-05-24 14:44:41,384  INFO      Migrating bookings …
2026-05-24 14:44:43,416  INFO        bookings → inserted=0  updated=12000  errors=0
2026-05-24 14:44:43,417  INFO      =======================================================
2026-05-24 14:44:43,417  INFO      MIGRATION SUMMARY
2026-05-24 14:44:43,417  INFO      =======================================================
2026-05-24 14:44:43,422  INFO        airports                1,800 documents
2026-05-24 14:44:43,426  INFO        airlines                  990 documents
2026-05-24 14:44:43,436  INFO        flights                 5,000 documents
2026-05-24 14:44:43,442  INFO        passengers              3,500 documents
2026-05-24 14:44:43,454  INFO        bookings               12,000 documents
2026-05-24 14:44:43,455  INFO        Elapsed                   3.9 seconds
2026-05-24 14:44:43,455  INFO      =======================================================
2026-05-24 14:44:43,456  INFO      Derived fields computed:
2026-05-24 14:44:43,457  INFO        1. loyalty_tier        (bronze/silver/gold/platinum)
2026-05-24 14:44:43,457  INFO        2. total_spent         (sum of price_paid per passenger)
2026-05-24 14:44:43,458  INFO        3. occupancy_rate      (active bookings / total seats)
2026-05-24 14:44:43,458  INFO        4. revenue_per_km      (revenue / route distance)
2026-05-24 14:44:43,459  INFO        5. avg_review_score    (mean rating per flight)
2026-05-24 14:44:43,460  INFO        6. on_time_rate        (% flights with no delay)
2026-05-24 14:44:43,460  INFO        7. price_category      (budget / standard / premium)
2026-05-24 14:44:43,461  INFO      =======================================================
2026-05-24 14:44:43,464  INFO      Migration complete. Log saved to logs/migration.log
2026-05-24 14:46:00,774  INFO      =======================================================
2026-05-24 14:46:00,775  INFO      FLIGHT BOOKING — PostgreSQL → MongoDB Migration
2026-05-24 14:46:00,775  INFO      =======================================================
2026-05-24 14:46:00,775  INFO      Connecting to PostgreSQL …
2026-05-24 14:46:00,802  INFO      Connecting to MongoDB …
2026-05-24 14:46:00,858  INFO      Loading airports from PostgreSQL …
2026-05-24 14:46:00,886  INFO      Loading airlines from PostgreSQL …
2026-05-24 14:46:00,897  INFO      Loading aircraft from PostgreSQL …
2026-05-24 14:46:00,902  INFO      Loading flights from PostgreSQL …
2026-05-24 14:46:00,969  INFO      Loading passengers from PostgreSQL …
2026-05-24 14:46:01,026  INFO      Loading bookings from PostgreSQL …
2026-05-24 14:46:01,165  INFO      Loading reviews from PostgreSQL …
2026-05-24 14:46:01,220  INFO      Loading loyalty accounts from PostgreSQL …
2026-05-24 14:46:01,268  INFO      Loading flight delays from PostgreSQL …
2026-05-24 14:46:01,278  INFO      PostgreSQL data loaded — starting migration …
2026-05-24 14:46:01,278  INFO      Migrating airports …
2026-05-24 14:46:01,499  INFO        airports → inserted=0  updated=1800  errors=0
2026-05-24 14:46:01,500  INFO      Migrating airlines …
2026-05-24 14:46:01,612  INFO        airlines → inserted=0  updated=990  errors=0
2026-05-24 14:46:01,613  INFO      Migrating flights …
2026-05-24 14:46:02,148  INFO        flights → inserted=2500  updated=0  errors=0
2026-05-24 14:46:02,149  INFO      Migrating passengers …
2026-05-24 14:46:02,615  INFO        passengers → inserted=0  updated=3500  errors=0
2026-05-24 14:46:02,616  INFO      Migrating bookings …
2026-05-24 14:46:04,697  INFO        bookings → inserted=0  updated=12000  errors=0
2026-05-24 14:46:04,698  INFO      =======================================================
2026-05-24 14:46:04,699  INFO      MIGRATION SUMMARY
2026-05-24 14:46:04,699  INFO      =======================================================
2026-05-24 14:46:04,704  INFO        airports                1,800 documents
2026-05-24 14:46:04,708  INFO        airlines                  990 documents
2026-05-24 14:46:04,725  INFO        flights                 2,500 documents
2026-05-24 14:46:04,733  INFO        passengers              3,500 documents
2026-05-24 14:46:04,745  INFO        bookings               12,000 documents
2026-05-24 14:46:04,745  INFO        Elapsed                   3.9 seconds
2026-05-24 14:46:04,746  INFO      =======================================================
2026-05-24 14:46:04,746  INFO      Derived fields computed:
2026-05-24 14:46:04,746  INFO        1. loyalty_tier        (bronze/silver/gold/platinum)
2026-05-24 14:46:04,747  INFO        2. total_spent         (sum of price_paid per passenger)
2026-05-24 14:46:04,747  INFO        3. occupancy_rate      (active bookings / total seats)
2026-05-24 14:46:04,748  INFO        4. revenue_per_km      (revenue / route distance)
2026-05-24 14:46:04,748  INFO        5. avg_review_score    (mean rating per flight)
2026-05-24 14:46:04,749  INFO        6. on_time_rate        (% flights with no delay)
2026-05-24 14:46:04,749  INFO        7. price_category      (budget / standard / premium)
2026-05-24 14:46:04,749  INFO      =======================================================
2026-05-24 14:46:04,752  INFO      Migration complete. Log saved to logs/migration.log
